// Jest Snapshot v1, https://goo.gl/fbAQLP

exports[`Character component renders Character 1`] = `
<p>
  Aang
   - 
  Air Nomads Team Avatar
</p>
`;
